<html>
<body>
<pre>
<h1>µVision Build Log</h1>
<h2>Project:</h2>
C:\Users\randy\Dropbox\UT austin\RTOS\lab-5-rjw2624_jj37297\UserProgram\Proc.uvproj
Project File Date:  04/03/2019

<h2>Output:</h2>
Build target 'Proc'
compiling Proc.c...
linking...
Program Size: Code=552 RO-data=0 RW-data=8 ZI-data=96  
".\Proc.axf" - 0 Error(s), 0 Warning(s).
</pre>
</body>
</html>
warnings, 1 error
".\Proc.axf" - 1 Error(s), 0 Warning(s).
Target not created
play.s...
".\Proc.axf" - 1 Error(s), 0 Warning(s).
Target not created
